// Jest Snapshot v1, https://goo.gl/fbAQLP

exports[`matches snapshot 1`] = `
<main
  className="d-flex"
  data-testid="main"
  style={
    Object {
      "padding": "1.8% 3%",
    }
  }
>
  <div
    style={
      Object {
        "width": "100%",
      }
    }
  >
    <div
      className="d-flex justify-content-between align-items-center searchBar-container"
      data-testid="search-bar"
    >
      <input
        className="search-bar"
        onChange={[Function]}
        placeholder="Search"
        type="search"
      />
      <select
        className="sort-container"
        onChange={[Function]}
      >
        <option
          value="id"
        >
          Id
        </option>
        <option
          value="title"
        >
          Title
        </option>
        <option
          value="userId"
        >
          User Id
        </option>
      </select>
    </div>
    <div
      className="border-bottom title"
    >
      Articles
    </div>
    <div
      className="articles-container"
    >
      <p>
        No result found!!
      </p>
    </div>
  </div>
  <div
    className="border-bottom d-none d-md-block"
    style={
      Object {
        "minWidth": "350px",
        "paddingLeft": "1.5rem",
      }
    }
  >
    <form
      className="d-flex flex-column gap-3"
      data-testid="form"
      onSubmit={[Function]}
    >
      <h2
        className="title mt-0"
      >
        Add Blog
      </h2>
      <div
        className="row align-items-center"
      >
        <div
          className="col-md-3"
        >
          <label
            htmlFor="userId"
          >
            User Id
          </label>
        </div>
        <div
          className="col-md-9"
        >
          <select
            className="form-input"
            id="userId"
            name="UserId"
            onChange={[Function]}
          >
            <option
              value={1}
            >
              1
            </option>
            <option
              value={2}
            >
              2
            </option>
            <option
              value={3}
            >
              3
            </option>
            <option
              value={4}
            >
              4
            </option>
            <option
              value={5}
            >
              5
            </option>
            <option
              value={6}
            >
              6
            </option>
            <option
              value={7}
            >
              7
            </option>
            <option
              value={8}
            >
              8
            </option>
            <option
              value={9}
            >
              9
            </option>
            <option
              value={10}
            >
              10
            </option>
          </select>
        </div>
      </div>
      <div
        className="row align-items-center"
      >
        <div
          className="col-md-3"
        >
          <label
            htmlFor="title"
          >
            Title
          </label>
        </div>
        <div
          className="col-md-9"
        >
          <input
            className="form-input"
            id="title"
            onChange={[Function]}
            placeholder="Title"
            type="text"
            value=""
          />
        </div>
      </div>
      <div
        className="row align-items-center"
      >
        <div
          className="col-md-3"
        >
          <label
            htmlFor="body"
          >
            Body
          </label>
        </div>
        <div
          className="col-md-9"
        >
          <textarea
            className="form-input"
            id="body"
            onChange={[Function]}
            placeholder="Body"
            rows={5}
            type="text"
            value=""
          />
        </div>
      </div>
      <button
        className="btn btn-dark rounded-0"
      >
        Add Blog
      </button>
    </form>
  </div>
</main>
`;
